Name: Here Is My Name (s0000000)
Assignment: Practice Exam Drop Box
Date Submitted: Tuesday, 23 April 2020 09-51-20 o'clock BST
Current Mark: Needs Marking

Submission Field:
There is no student submission text data for this assignment.

Comments:
There are no student comments for this assignment.

Files:
	Original filename: some thing.pdf
	Filename: Practice Exam Drop Box_s0000005_attempt_2020-04-23-09-51-20_some thing.pdf
