Name: Here Is My Name (s0000003)
Assignment: Practice Exam Drop Box
Date Submitted: Tuesday, 21 April 2020 11:58:24 o'clock BST
Current Mark: Needs Marking

Submission Field:
There is no student submission text data for this assignment.

Comments:
There are no student comments for this assignment.

Files:
	Original filename: Practice Online Exam.jpg
	Filename: Practice Exam Drop Box_s00000003_attempt_2020_one.pdf

	Original filename: Practice Online Exam.jpg
	Filename: Practice Exam Drop Box_s00000003_attempt_2020_one (copy).pdf
