Revision: 1
Name: Here Is My Name (s0000005)
Assignment: Practice Exam Drop Box
Date Submitted: Tuesday, 21 April 2020 11:58:24 o'clock BST
Current Mark: Needs Marking

Submission Field:
There is no student submission text data for this assignment.

Comments:
There are no student comments for this assignment.

Files:
	Original filename: multiple_files_manually_merged_by_NAME_HERE
	Filename: Practice Exam Drop Box_s00000005_attempt_2020-04-22-11-58-24_Practice Online Exam.pdf

